12:C 08 Apr 2025 13:00:15.596 # oO0OoO0OoO0Oo Redis is starting oO0OoO0OoO0Oo
12:C 08 Apr 2025 13:00:15.598 # Redis version=6.2.17, bits=64, commit=00000000, modified=0, pid=12, just started
12:C 08 Apr 2025 13:00:15.600 # Configuration loaded
12:M 08 Apr 2025 13:00:15.602 * monotonic clock: POSIX clock_gettime
12:M 08 Apr 2025 13:00:15.606 * Running mode=standalone, port=6379.
12:M 08 Apr 2025 13:00:15.610 # Server initialized
12:M 08 Apr 2025 13:00:15.614 * Ready to accept connections
10:C 08 Apr 2025 13:13:08.351 # oO0OoO0OoO0Oo Redis is starting oO0OoO0OoO0Oo
10:C 08 Apr 2025 13:13:08.354 # Redis version=6.2.17, bits=64, commit=00000000, modified=0, pid=10, just started
10:C 08 Apr 2025 13:13:08.360 # Configuration loaded
10:M 08 Apr 2025 13:13:08.367 * monotonic clock: POSIX clock_gettime
10:M 08 Apr 2025 13:13:08.376 * Running mode=standalone, port=6379.
10:M 08 Apr 2025 13:13:08.393 # Server initialized
10:M 08 Apr 2025 13:13:08.439 * DB loaded from append only file: 0.025 seconds
10:M 08 Apr 2025 13:13:08.454 * Ready to accept connections
10:M 08 Apr 2025 13:54:15.165 * 100 changes in 300 seconds. Saving...
10:M 08 Apr 2025 13:54:15.168 * Background saving started by pid 518
518:C 08 Apr 2025 13:54:15.175 * DB saved on disk
518:C 08 Apr 2025 13:54:15.177 * RDB: 0 MB of memory used by copy-on-write
10:M 08 Apr 2025 13:54:15.270 * Background saving terminated with success
10:M 08 Apr 2025 14:44:17.480 * 100 changes in 300 seconds. Saving...
10:M 08 Apr 2025 14:44:17.482 * Background saving started by pid 1122
1122:C 08 Apr 2025 14:44:17.488 * DB saved on disk
1122:C 08 Apr 2025 14:44:17.490 * RDB: 0 MB of memory used by copy-on-write
10:M 08 Apr 2025 14:44:17.584 * Background saving terminated with success
10:M 08 Apr 2025 15:34:19.699 * 100 changes in 300 seconds. Saving...
10:M 08 Apr 2025 15:34:19.702 * Background saving started by pid 1728
1728:C 08 Apr 2025 15:34:19.714 * DB saved on disk
1728:C 08 Apr 2025 15:34:19.717 * RDB: 0 MB of memory used by copy-on-write
10:M 08 Apr 2025 15:34:19.805 * Background saving terminated with success
10:M 08 Apr 2025 16:24:21.878 * 100 changes in 300 seconds. Saving...
10:M 08 Apr 2025 16:24:21.880 * Background saving started by pid 2337
2337:C 08 Apr 2025 16:24:21.886 * DB saved on disk
2337:C 08 Apr 2025 16:24:21.889 * RDB: 0 MB of memory used by copy-on-write
10:M 08 Apr 2025 16:24:21.983 * Background saving terminated with success
10:C 08 Apr 2025 16:53:08.291 # oO0OoO0OoO0Oo Redis is starting oO0OoO0OoO0Oo
10:C 08 Apr 2025 16:53:08.294 # Redis version=6.2.17, bits=64, commit=00000000, modified=0, pid=10, just started
10:C 08 Apr 2025 16:53:08.297 # Configuration loaded
10:M 08 Apr 2025 16:53:08.301 * monotonic clock: POSIX clock_gettime
10:M 08 Apr 2025 16:53:08.310 * Running mode=standalone, port=6379.
10:M 08 Apr 2025 16:53:08.313 # Server initialized
10:M 08 Apr 2025 16:53:08.324 * DB loaded from append only file: 0.007 seconds
10:M 08 Apr 2025 16:53:08.330 * Ready to accept connections
10:M 08 Apr 2025 16:58:09.033 * 100 changes in 300 seconds. Saving...
10:M 08 Apr 2025 16:58:09.036 * Background saving started by pid 76
76:C 08 Apr 2025 16:58:09.042 * DB saved on disk
76:C 08 Apr 2025 16:58:09.043 * RDB: 0 MB of memory used by copy-on-write
10:M 08 Apr 2025 16:58:09.138 * Background saving terminated with success
10:M 08 Apr 2025 17:47:46.017 * 100 changes in 300 seconds. Saving...
10:M 08 Apr 2025 17:47:46.020 * Background saving started by pid 683
683:C 08 Apr 2025 17:47:46.028 * DB saved on disk
683:C 08 Apr 2025 17:47:46.032 * RDB: 0 MB of memory used by copy-on-write
10:M 08 Apr 2025 17:47:46.123 * Background saving terminated with success
10:M 08 Apr 2025 18:37:48.873 * 100 changes in 300 seconds. Saving...
10:M 08 Apr 2025 18:37:48.876 * Background saving started by pid 1286
1286:C 08 Apr 2025 18:37:48.885 * DB saved on disk
1286:C 08 Apr 2025 18:37:48.887 * RDB: 0 MB of memory used by copy-on-write
10:M 08 Apr 2025 18:37:48.980 * Background saving terminated with success
10:C 08 Apr 2025 19:18:23.609 # oO0OoO0OoO0Oo Redis is starting oO0OoO0OoO0Oo
10:C 08 Apr 2025 19:18:23.611 # Redis version=6.2.17, bits=64, commit=00000000, modified=0, pid=10, just started
10:C 08 Apr 2025 19:18:23.613 # Configuration loaded
10:M 08 Apr 2025 19:18:23.615 * monotonic clock: POSIX clock_gettime
10:M 08 Apr 2025 19:18:23.619 * Running mode=standalone, port=6379.
10:M 08 Apr 2025 19:18:23.621 # Server initialized
10:M 08 Apr 2025 19:18:23.623 * Ready to accept connections
10:C 08 Apr 2025 19:32:51.763 # oO0OoO0OoO0Oo Redis is starting oO0OoO0OoO0Oo
10:C 08 Apr 2025 19:32:51.764 # Redis version=6.2.17, bits=64, commit=00000000, modified=0, pid=10, just started
10:C 08 Apr 2025 19:32:51.765 # Configuration loaded
10:M 08 Apr 2025 19:32:51.767 * monotonic clock: POSIX clock_gettime
10:M 08 Apr 2025 19:32:51.770 * Running mode=standalone, port=6379.
10:M 08 Apr 2025 19:32:51.771 # Server initialized
10:M 08 Apr 2025 19:32:51.775 * DB loaded from append only file: 0.002 seconds
10:M 08 Apr 2025 19:32:51.776 * Ready to accept connections
10:C 08 Apr 2025 19:46:33.679 # oO0OoO0OoO0Oo Redis is starting oO0OoO0OoO0Oo
10:C 08 Apr 2025 19:46:33.701 # Redis version=6.2.17, bits=64, commit=00000000, modified=0, pid=10, just started
10:C 08 Apr 2025 19:46:33.703 # Configuration loaded
10:M 08 Apr 2025 19:46:33.706 * monotonic clock: POSIX clock_gettime
10:M 08 Apr 2025 19:46:33.710 * Running mode=standalone, port=6379.
10:M 08 Apr 2025 19:46:33.712 # Server initialized
10:M 08 Apr 2025 19:46:33.717 * DB loaded from append only file: 0.002 seconds
10:M 08 Apr 2025 19:46:33.720 * Ready to accept connections
10:C 08 Apr 2025 19:57:55.900 # oO0OoO0OoO0Oo Redis is starting oO0OoO0OoO0Oo
10:C 08 Apr 2025 19:57:55.903 # Redis version=6.2.17, bits=64, commit=00000000, modified=0, pid=10, just started
10:C 08 Apr 2025 19:57:55.905 # Configuration loaded
10:M 08 Apr 2025 19:57:55.908 * monotonic clock: POSIX clock_gettime
10:M 08 Apr 2025 19:57:55.941 * Running mode=standalone, port=6379.
10:M 08 Apr 2025 19:57:55.944 # Server initialized
10:M 08 Apr 2025 19:57:55.953 * DB loaded from append only file: 0.003 seconds
10:M 08 Apr 2025 19:57:55.955 * Ready to accept connections
10:C 08 Apr 2025 20:04:02.869 # oO0OoO0OoO0Oo Redis is starting oO0OoO0OoO0Oo
10:C 08 Apr 2025 20:04:02.871 # Redis version=6.2.17, bits=64, commit=00000000, modified=0, pid=10, just started
10:C 08 Apr 2025 20:04:02.872 # Configuration loaded
10:M 08 Apr 2025 20:04:02.874 * monotonic clock: POSIX clock_gettime
10:M 08 Apr 2025 20:04:02.876 * Running mode=standalone, port=6379.
10:M 08 Apr 2025 20:04:02.878 # Server initialized
10:M 08 Apr 2025 20:04:02.881 * DB loaded from append only file: 0.001 seconds
10:M 08 Apr 2025 20:04:02.882 * Ready to accept connections
